../Drivers/CMSIS/Include/core_cm7.h:2147:34:__NVIC_SystemReset	1
../Core/Src/main.c:20:6:TaskGive	1
../Core/Src/main.c:31:6:TaskTake	1
../Core/Src/main.c:48:5:main	2
../Core/Src/main.c:66:6:SystemClock_Config	3
../Core/Src/main.c:101:13:MX_USART1_UART_Init	2
/opt/st/stm32cubeide_1.17.0/plugins/com.st.stm32cube.ide.mcu.externaltools.gnu-tools-for-stm32.12.3.rel1.linux64_1.1.0.202410170702/tools/arm-none-eabi/include/stdio.h:220:5:fputc	1
../Core/Src/main.c:125:13:MX_GPIO_Init	1
../Core/Src/main.c:136:6:Error_Handler	1
