../Drivers/CMSIS/Include/core_cm7.h:2147:34:__NVIC_SystemReset	4	static,ignoring_inline_asm
../Core/Src/main.c:80:6:TaskGive	16	static
../Core/Src/main.c:93:6:TaskTake	16	static
../Core/Src/main.c:111:6:LedTask	16	static
../Core/Src/main.c:126:5:main	24	static,ignoring_inline_asm
../Core/Src/main.c:211:6:SystemClock_Config	88	static
../Core/Src/main.c:261:13:MX_USART1_UART_Init	8	static
../Core/Src/main.c:296:13:MX_GPIO_Init	72	static
../Core/Src/main.c:804:6:StartDefaultTask	16	static
../Core/Src/main.c:823:6:HAL_TIM_PeriodElapsedCallback	16	static
../Core/Src/main.c:840:6:Error_Handler	4	static,ignoring_inline_asm
